[    0.000000] Linux version 4.15.0-136-generic (buildd@lcy01-amd64-029) (gcc version 7.5.0 (Ubuntu 7.5.0-3ubuntu1~18.04)) #140-Ubuntu SMP Thu Jan 28 05:20:47 UTC 2021 (Ubuntu 4.15.0-136.140-generic 4.15.18)
[    0.000000] Command line: BOOT_IMAGE=/boot/vmlinuz-4.15.0-136-generic root=LABEL=cloudimg-rootfs ro console=tty1 console=ttyS0
[    0.000000] KERNEL supported cpus:
[    0.000000]   Intel GenuineIntel
[    0.000000]   AMD AuthenticAMD
[    0.000000]   Centaur CentaurHauls
[    0.000000] x86/fpu: Supporting XSAVE feature 0x001: 'x87 floating point registers'
[    0.000000] x86/fpu: Supporting XSAVE feature 0x002: 'SSE registers'
[    0.000000] x86/fpu: Supporting XSAVE feature 0x004: 'AVX registers'
[    0.000000] x86/fpu: xstate_offset[2]:  576, xstate_sizes[2]:  256
[    0.000000] x86/fpu: Enabled xstate features 0x7, context size is 832 bytes, using 'standard' format.
[    0.000000] e820: BIOS-provided physical RAM map:
[    0.000000] BIOS-e820: [mem 0x0000000000000000-0x000000000009fbff] usable
[    0.000000] BIOS-e820: [mem 0x000000000009fc00-0x000000000009ffff] reserved
[    0.000000] BIOS-e820: [mem 0x00000000000f0000-0x00000000000fffff] reserved
[    0.000000] BIOS-e820: [mem 0x0000000000100000-0x00000000dffeffff] usable
[    0.000000] BIOS-e820: [mem 0x00000000dfff0000-0x00000000dfffffff] ACPI data
[    0.000000] BIOS-e820: [mem 0x00000000fec00000-0x00000000fec00fff] reserved
[    0.000000] BIOS-e820: [mem 0x00000000fee00000-0x00000000fee00fff] reserved
[    0.000000] BIOS-e820: [mem 0x00000000fffc0000-0x00000000ffffffff] reserved
[    0.000000] BIOS-e820: [mem 0x0000000100000000-0x000000011fffffff] usable
[    0.000000] NX (Execute Disable) protection: active
[    0.000000] SMBIOS 2.5 present.
[    0.000000] DMI: innotek GmbH VirtualBox/VirtualBox, BIOS VirtualBox 12/01/2006
[    0.000000] Hypervisor detected: KVM
[    0.000000] e820: last_pfn = 0x120000 max_arch_pfn = 0x400000000
[    0.000000] MTRR: Disabled
[    0.000000] x86/PAT: MTRRs disabled, skipping PAT initialization too.
[    0.000000] CPU MTRRs all blank - virtualized system.
[    0.000000] x86/PAT: Configuration [0-7]: WB  WT  UC- UC  WB  WT  UC- UC  
[    0.000000] e820: last_pfn = 0xdfff0 max_arch_pfn = 0x400000000
[    0.000000] found SMP MP-table at [mem 0x0009fff0-0x0009ffff]
[    0.000000] Scanning 1 areas for low memory corruption
[    0.000000] RAMDISK: [mem 0x35a63000-0x36d28fff]
[    0.000000] ACPI: Early table checksum verification disabled
[    0.000000] ACPI: RSDP 0x00000000000E0000 000024 (v02 VBOX  )
[    0.000000] ACPI: XSDT 0x00000000DFFF0030 00003C (v01 VBOX   VBOXXSDT 00000001 ASL  00000061)
[    0.000000] ACPI: FACP 0x00000000DFFF00F0 0000F4 (v04 VBOX   VBOXFACP 00000001 ASL  00000061)
[    0.000000] ACPI: DSDT 0x00000000DFFF0480 0021FF (v02 VBOX   VBOXBIOS 00000002 INTL 20180105)
[    0.000000] ACPI: FACS 0x00000000DFFF0200 000040
[    0.000000] ACPI: FACS 0x00000000DFFF0200 000040
[    0.000000] ACPI: APIC 0x00000000DFFF0240 00006C (v02 VBOX   VBOXAPIC 00000001 ASL  00000061)
[    0.000000] ACPI: SSDT 0x00000000DFFF02B0 0001CC (v01 VBOX   VBOXCPUT 00000002 INTL 20180105)
[    0.000000] No NUMA configuration found
[    0.000000] Faking a node at [mem 0x0000000000000000-0x000000011fffffff]
[    0.000000] NODE_DATA(0) allocated [mem 0x11ffd1000-0x11fffbfff]
[    0.000000] kvm-clock: cpu 0, msr 1:1ff50001, primary cpu clock
[    0.000000] kvm-clock: Using msrs 4b564d01 and 4b564d00
[    0.000000] kvm-clock: using sched offset of 3889036515 cycles
[    0.000000] clocksource: kvm-clock: mask: 0xffffffffffffffff max_cycles: 0x1cd42e4dffb, max_idle_ns: 881590591483 ns
[    0.000000] Zone ranges:
[    0.000000]   DMA      [mem 0x0000000000001000-0x0000000000ffffff]
[    0.000000]   DMA32    [mem 0x0000000001000000-0x00000000ffffffff]
[    0.000000]   Normal   [mem 0x0000000100000000-0x000000011fffffff]
[    0.000000]   Device   empty
[    0.000000] Movable zone start for each node
[    0.000000] Early memory node ranges
[    0.000000]   node   0: [mem 0x0000000000001000-0x000000000009efff]
[    0.000000]   node   0: [mem 0x0000000000100000-0x00000000dffeffff]
[    0.000000]   node   0: [mem 0x0000000100000000-0x000000011fffffff]
[    0.000000] Reserved but unavailable: 98 pages
[    0.000000] Initmem setup node 0 [mem 0x0000000000001000-0x000000011fffffff]
[    0.000000] ACPI: PM-Timer IO Port: 0x4008
[    0.000000] IOAPIC[0]: apic_id 4, version 32, address 0xfec00000, GSI 0-23
[    0.000000] ACPI: INT_SRC_OVR (bus 0 bus_irq 0 global_irq 2 dfl dfl)
[    0.000000] ACPI: INT_SRC_OVR (bus 0 bus_irq 9 global_irq 9 low level)
[    0.000000] Using ACPI (MADT) for SMP configuration information
[    0.000000] smpboot: Allowing 4 CPUs, 0 hotplug CPUs
[    0.000000] PM: Registered nosave memory: [mem 0x00000000-0x00000fff]
[    0.000000] PM: Registered nosave memory: [mem 0x0009f000-0x0009ffff]
[    0.000000] PM: Registered nosave memory: [mem 0x000a0000-0x000effff]
[    0.000000] PM: Registered nosave memory: [mem 0x000f0000-0x000fffff]
[    0.000000] PM: Registered nosave memory: [mem 0xdfff0000-0xdfffffff]
[    0.000000] PM: Registered nosave memory: [mem 0xe0000000-0xfebfffff]
[    0.000000] PM: Registered nosave memory: [mem 0xfec00000-0xfec00fff]
[    0.000000] PM: Registered nosave memory: [mem 0xfec01000-0xfedfffff]
[    0.000000] PM: Registered nosave memory: [mem 0xfee00000-0xfee00fff]
[    0.000000] PM: Registered nosave memory: [mem 0xfee01000-0xfffbffff]
[    0.000000] PM: Registered nosave memory: [mem 0xfffc0000-0xffffffff]
[    0.000000] e820: [mem 0xe0000000-0xfebfffff] available for PCI devices
[    0.000000] Booting paravirtualized kernel on KVM
[    0.000000] clocksource: refined-jiffies: mask: 0xffffffff max_cycles: 0xffffffff, max_idle_ns: 7645519600211568 ns
[    0.000000] random: get_random_bytes called from start_kernel+0x99/0x500 with crng_init=0
[    0.000000] setup_percpu: NR_CPUS:8192 nr_cpumask_bits:4 nr_cpu_ids:4 nr_node_ids:1
[    0.000000] percpu: Embedded 45 pages/cpu s147456 r8192 d28672 u524288
[    0.000000] PV qspinlock hash table entries: 256 (order: 0, 4096 bytes)
[    0.000000] Built 1 zonelists, mobility grouping on.  Total pages: 1032057
[    0.000000] Policy zone: Normal
[    0.000000] Kernel command line: BOOT_IMAGE=/boot/vmlinuz-4.15.0-136-generic root=LABEL=cloudimg-rootfs ro console=tty1 console=ttyS0
[    0.000000] Memory: 4013268K/4193848K available (12300K kernel code, 2482K rwdata, 4276K rodata, 2440K init, 2724K bss, 180580K reserved, 0K cma-reserved)
[    0.000000] SLUB: HWalign=64, Order=0-3, MinObjects=0, CPUs=4, Nodes=1
[    0.000000] Kernel/User page tables isolation: enabled
[    0.000000] ftrace: allocating 39427 entries in 155 pages
[    0.004000] Hierarchical RCU implementation.
[    0.004000] 	RCU restricting CPUs from NR_CPUS=8192 to nr_cpu_ids=4.
[    0.004000] 	Tasks RCU enabled.
[    0.004000] RCU: Adjusting geometry for rcu_fanout_leaf=16, nr_cpu_ids=4
[    0.004000] NR_IRQS: 524544, nr_irqs: 456, preallocated irqs: 16
[    0.004000] Console: colour VGA+ 80x25
[    0.004000] console [tty1] enabled
[    0.004000] console [ttyS0] enabled
[    0.004000] ACPI: Core revision 20170831
[    0.004000] ACPI: 2 ACPI AML tables successfully acquired and loaded
[    0.004000] APIC: Switch to symmetric I/O mode setup
[    0.004000] x2apic enabled
[    0.004000] Switched APIC routing to physical x2apic.
[    0.004000] ..TIMER: vector=0x30 apic1=0 pin1=2 apic2=-1 pin2=-1
[    0.004017] tsc: Detected 2194.916 MHz processor
[    0.004917] Calibrating delay loop (skipped) preset value.. 4389.83 BogoMIPS (lpj=8779664)
[    0.005540] pid_max: default: 32768 minimum: 301
[   0.008037] Security Framework initialized
[    0.012003] Yama: becoming mindful.
[    0.016030] AppArmor: AppArmor initialized
[    0.021168] Dentry cache hash table entries: 524288 (order: 10, 4194304 bytes)
[    0.024931] Inode-cache hash table entries: 262144 (order: 9, 2097152 bytes)
[    0.028020] Mount-cache hash table entries: 8192 (order: 4, 65536 bytes)
[    0.029329] Mountpoint-cache hash table entries: 8192 (order: 4, 65536 bytes)
[    0.030912] Last level iTLB entries: 4KB 1024, 2MB 1024, 4MB 1024
[    0.032003] Last level dTLB entries: 4KB 1024, 2MB 1024, 4MB 1024, 1GB 4
[    0.033177] Spectre V1 : Mitigation: usercopy/swapgs barriers and __user pointer sanitization
[    0.036003] Spectre V2 : Mitigation: Full generic retpoline
[    0.040002] Spectre V2 : Spectre v2 / SpectreRSB mitigation: Filling RSB on context switch
[    0.041677] Speculative Store Bypass: Vulnerable
[    0.044057] MDS: Vulnerable: Clear CPU buffers attempted, no microcode
[    0.045670] Freeing SMP alternatives memory: 36K
[    0.158888] smpboot: CPU0: Genuine Intel(R) CPU @ 2.20GHz (family: 0x6, model: 0x3f, stepping: 0x1)
[    0.160080] Performance Events: unsupported p6 CPU model 63 no PMU driver, software events only.
[    0.164049] Hierarchical SRCU implementation.
[    0.165694] NMI watchdog: Perf event create on CPU 0 failed with -2
[    0.167049] NMI watchdog: Perf NMI watchdog permanently disabled
[    0.168079] smp: Bringing up secondary CPUs ...
[    0.170954] x86: Booting SMP configuration:
[    0.172004] .... node  #0, CPUs:      #1
[    0.004000] kvm-clock: cpu 1, msr 1:1ff50041, secondary cpu clock
[    0.176097]  #2
[    0.004000] kvm-clock: cpu 2, msr 1:1ff50081, secondary cpu clock
[    0.182552]  #3
[    0.004000] kvm-clock: cpu 3, msr 1:1ff500c1, secondary cpu clock
[    0.187093] smp: Brought up 1 node, 4 CPUs
[    0.188004] smpboot: Max logical packages: 1
[    0.190347] smpboot: Total of 4 processors activated (17559.32 BogoMIPS)
[    0.192371] devtmpfs: initialized
[    0.196062] x86/mm: Memory block size: 128MB
[    0.200347] evm: security.selinux
[    0.201001] evm: security.SMACK64
[    0.201579] evm: security.SMACK64EXEC
[    0.202187] evm: security.SMACK64TRANSMUTE
[    0.202796] evm: security.SMACK64MMAP
[    0.204004] evm: security.apparmor
[    0.208004] evm: security.ima
[    0.208771] evm: security.capability
[    0.209730] clocksource: jiffies: mask: 0xffffffff max_cycles: 0xffffffff, max_idle_ns: 7645041785100000 ns
[    0.212017] futex hash table entries: 1024 (order: 4, 65536 bytes)
[    0.213547] pinctrl core: initialized pinctrl subsystem
[    0.216114] RTC time:  1:23:02, date: 03/11/21
[    0.217472] NET: Registered protocol family 16
[    0.218649] audit: initializing netlink subsys (disabled)
[    0.220031] audit: type=2000 audit(1615425787.379:1): state=initialized audit_enabled=0 res=1
[    0.220152] cpuidle: using governor ladder
[    0.224009] cpuidle: using governor menu
[    0.224679] ACPI: bus type PCI registered
[    0.225331] acpiphp: ACPI Hot Plug PCI Controller Driver version: 0.5
[    0.226387] PCI: Using configuration type 1 for base access
[    0.228902] HugeTLB registered 2.00 MiB page size, pre-allocated 0 pages
[    0.229077] ACPI: Added _OSI(Module Device)
[    0.232005] ACPI: Added _OSI(Processor Device)
[    0.232830] ACPI: Added _OSI(3.0 _SCP Extensions)
[    0.233684] ACPI: Added _OSI(Processor Aggregator Device)
[    0.234641] ACPI: Added _OSI(Linux-Dell-Video)
[    0.235457] ACPI: Added _OSI(Linux-Lenovo-NV-HDMI-Audio)
[    0.236004] ACPI: Added _OSI(Linux-HPI-Hybrid-Graphics)
[    0.237232] ACPI: Executed 1 blocks of module-level executable AML code
[    0.242674] ACPI: Interpreter enabled
[    0.243366] ACPI: (supports S0 S5)
[    0.243983] ACPI: Using IOAPIC for interrupt routing
[    0.244259] PCI: Using host bridge windows from ACPI; if necessary, use "pci=nocrs" and report a bug
[    0.248181] ACPI: Enabled 2 GPEs in block 00 to 07
[    0.259921] ACPI: PCI Root Bridge [PCI0] (domain 0000 [bus 00-ff])
[    0.260011] acpi PNP0A03:00: _OSC: OS supports [ASPM ClockPM Segments MSI]
[    0.261671] acpi PNP0A03:00: _OSC: not requesting OS control; OS requires [ExtendedConfig ASPM ClockPM MSI]
[    0.264000] acpi PNP0A03:00: fail to add MMCONFIG information, can't access extended PCI configuration space under this bridge.
[    0.264346] PCI host bridge to bus 0000:00
[    0.266168] pci_bus 0000:00: root bus resource [io  0x0000-0x0cf7 window]
[    0.268005] pci_bus 0000:00: root bus resource [io  0x0d00-0xffff window]
[    0.270689] pci_bus 0000:00: root bus resource [mem 0x000a0000-0x000bffff window]
[    0.272003] pci_bus 0000:00: root bus resource [mem 0xe0000000-0xfdffffff window]
[    0.273171] pci_bus 0000:00: root bus resource [bus 00-ff]
[    0.276494] pci 0000:00:01.1: legacy IDE quirk: reg 0x10: [io  0x01f0-0x01f7]
[    0.277584] pci 0000:00:01.1: legacy IDE quirk: reg 0x14: [io  0x03f6]
[    0.278577] pci 0000:00:01.1: legacy IDE quirk: reg 0x18: [io  0x0170-0x0177]
[    0.279938] pci 0000:00:01.1: legacy IDE quirk: reg 0x1c: [io  0x0376]
[    0.345386] pci 0000:00:07.0: quirk: [io  0x4000-0x403f] claimed by PIIX4 ACPI
[    0.348015] pci 0000:00:07.0: quirk: [io  0x4100-0x410f] claimed by PIIX4 SMB
[    0.401244] ACPI: PCI Interrupt Link [LNKA] (IRQs 5 9 10 *11)
[    0.405285] ACPI: PCI Interrupt Link [LNKB] (IRQs 5 9 *10 11)
[    0.408195] ACPI: PCI Interrupt Link [LNKC] (IRQs 5 *9 10 11)
[    0.411191] ACPI: PCI Interrupt Link [LNKD] (IRQs 5 9 10 *11)
[    0.412802] SCSI subsystem initialized
[    0.413786] pci 0000:00:02.0: vgaarb: setting as boot VGA device
[    0.413786] pci 0000:00:02.0: vgaarb: VGA device added: decodes=io+mem,owns=io+mem,locks=none
[    0.416022] pci 0000:00:02.0: vgaarb: bridge control possible
[    0.417210] vgaarb: loaded
[    0.420044] ACPI: bus type USB registered
[    0.424024] usbcore: registered new interface driver usbfs
[    0.425005] usbcore: registered new interface driver hub
[    0.425987] usbcore: registered new device driver usb
[    0.427029] EDAC MC: Ver: 3.0.0
[    0.428228] PCI: Using ACPI for IRQ routing
[    0.429179] NetLabel: Initializing
[    0.429906] NetLabel:  domain hash size = 128
[    0.431003] NetLabel:  protocols = UNLABELED CIPSOv4 CALIPSO
[    0.432030] NetLabel:  unlabeled traffic allowed by default
[    0.433392] clocksource: Switched to clocksource kvm-clock
[    0.448469] VFS: Disk quotas dquot_6.6.0
[    0.449430] VFS: Dquot-cache hash table entries: 512 (order 0, 4096 bytes)
[    0.450961] AppArmor: AppArmor Filesystem Enabled
[    0.452017] pnp: PnP ACPI init
[    0.453828] pnp: PnP ACPI: found 3 devices
[    0.466064] clocksource: acpi_pm: mask: 0xffffff max_cycles: 0xffffff, max_idle_ns: 2085701024 ns
[    0.468035] NET: Registered protocol family 2
[    0.469638] TCP established hash table entries: 32768 (ordr: 6, 262144 bytes)
[    0.495275] TCP bind hash table entries: 32768 (order: 7, 524288 bytes)
[    0.497509] TCP: Hash tables configured (established 32768 bind 32768)
[    0.498763] UDP hash table entries: 2048 (order: 4, 65536 bytes)
[    0.499864] UDP-Lite hash table entries: 2048 (order: 4, 65536 bytes)
[    0.501130] NET: Registered protocol family 1
[    0.501998] pci 0000:00:00.0: Limiting direct PCI/PCI transfers
[    0.503102] pci 0000:00:01.0: Activating ISA DMA hang workarounds
[    0.504267] pci 0000:00:02.0: Video device with shadowed ROM at [mem 0x000c0000-0x000dffff]
[    0.505895] Unpacking initramfs...

[  0.813948] Freeing initrd memory: 19224K
[   0.864506] PCI-DMA: Using software bounce buffering for IO (SWIOTLB)
[    0.889902] software IO TLB: mapped [mem 0xdbff0000-0xdfff0000] (64MB)
[    0.891523] clocksource: tsc: mask: 0xffffffffffffffff max_cycles: 0x1fa3704c1a9, max_idle_ns: 440795296692 ns
[    0.894010] platform rtc_cmos: registered platform RTC device (no PNP device found)
[    0.895920] Scanning for low memory corruption every 60 seconds
[    0.898414] Initialise system trusted keyrings
[    0.899548] Key type blacklistregistered
[    0.924683] workingset: timestamp_bits=36 max_order=20 bucket_order=0
[    0.927496] zbud: loaded
[    0.928857] squashfs: version 4.0 (2009/01/31) Phillip Lougher
[    0.930611] fuse init (API version 7.26)

[    0.937341] Key type asymmetric registered
[    0.945133] Asymmetric key parser 'x509' registered
[    0.946378] Block layer SCSI generic (bsg) driver version 0.4 loaded (major 246)
[    0.948341] io scheduler noop registered
[    0.953069] io scheduler deadline registered
[    0.954189] io scheduler cfq registered (default)
[    0.963054] ACPI: AC Adapter [AC] (on-line)
[    0.964134] input: Power Button as /devices/LNXSYSTM:00/LNXPWRBN:00/input/input0
[    0.966035] ACPI: Power Button [PWRF]
[    0.968502] input: Sleep Button as /devices/LNXSYSTM:00/LNXSLPBN:00/input/input1
[    0.970294] ACPI: Sleep Button [SLPF]
[    0.971738] Serial: 8250/16550 driver, 32 ports, IRQ sharing enabled
[   1.001786] 00:02: ttyS0 at I/O 0x3f8 (irq = 4, base_baud = 115200) is a 16550A

[    1.031638] Linux agpgart interface v0.103
[    1.035509] loop: module loaded
[    1.038066] scsi host0: ata_piix
[    1.039157] scsi host1: ata_piix
[    1.040006] ata1: PATA max UDMA/33 cmd 0x1f0 ctl 0x3f6 bmdma 0xd000 irq 14
[    1.041690] ata2: PATA max UDMA/33 cmd 0x170 ctl 0x376 bmdma 0xd008 irq 15
[    1.043436] libphy: Fixed MDIO Bus: probed
[    1.044640] tun: Universal TUN/TAP device driver, 1.6
[    1.046076] PPP generic driver version 2.4.2
[    1.047330] ehci_hcd: USB 2.0 'Enhanced' Host Controller (EHCI) Driver
[    1.048958] ehci-pci: EHCI PCI platform driver
[    1.050097] ehci-platform: EHCI generic platform driver
[    1.05372] ohci_hcd: USB 1.1 'Open' Host Controller (OHCI) Driver
[    1.077575] ohci-pci: OHCI PCI platform driver
[    1.079250] ohci-platform: OHCI generic platform driver
[    1.080388] uhci_hcd: USB Universal Host Controller Interface driver
[    1.081753] i8042: PNP: PS/2 Controller [PNP0303:PS2K,PNP0f03:PS2M] at 0x60,0x64 irq 1,12
[    1.084190] serio: i8042 KBD port at 0x60,0x64 irq 1
[    1.085425] serio: i8042 AUX port at 0x60,0x64 irq 12
[    1.086909] mousedev: PS/2 mouse device common for all mice

[    1.089786] rtc_cmos rtc_cmos: rtc core: registered rtc_cmos as rtc0
[    1.091338] rtc_cmos rtc_cmos: alarms up to one day, 114 bytes nvram
[    1.092858] i2c /dev entries driver
[    1.093795] device-mapper: uevent: version 1.0.3
[    1.094562] input: AT Translated Set 2 keyboard as /devices/platform/i8042/serio0/input/input2
[    1.096066] device-mapper: ioctl: 4.37.0-ioctl (2017-09-20) initialised: dm-devel@redhat.com
[    1.097710] ledtrig-cpu: registered to indicate activity on CPUs
[    1.099169] NET: Registered protocol family 10
[    1.108080] Segment Routing with IPv6
[    1.112844] NET: Registered protocol family 17
[    1.113809] Key type dns_resolver registered
[    1.115272] mce: Using 0 MCE banks
[    1.115948] RAS: Correctable Errors collector initialized.
[    1.117032] sched_clock: Marking stable (1116996839, 0)->(1611510438, -494513599)
[    1.119340] registered taskstats version 1
[    1.120153] Loading compiled-in X.509 certificates
[    1.125109] Loaded X.509 cert 'Build time autogenerated kernel key: c356b48d5f070be9e15fb09bbd57426939f0386e'
[    1.126932] zswap: loaded using pool lzo/zbud
[    1.134767] Key type big_key registered
[    1.135691] Key type trusted registered
[    1.140104] Key type encrypted registered
[    1.141044] AppArmor: AppArmor sha1 policy hashing enabled
[    1.142212] ima: No TPM chip found, activating TPM-bypass! (rc=-19)
[    1.143512] ima: Allocated hash algorithm: sha1
[    1.144629] evm: HMAC attrs: 0x1
[    1.145652]   Magic number: 13:731:356
[    1.146552] input event2: hash matches
[    1.147594] rtc_cmos rtc_cmos: setting system clock to 2021-03-11 01:23:03 UTC (1615425783)
[    1.149678] BIOS EDD facility v0.16 2004-Jun-25, 0 devices found
[    1.151084] EDD information not available.
[    1.218311] Freeing unused kernel image memory: 2440K
[    1.234180] Write protecting the kernel read-only data: 20480k
[    1.237473] Freeing unused kernel image memory: 2008K
[    1.239606] Freeing unused kernel image memory: 1868K
[    1.250567] x86/mm: Checked W+X mappings: passed, no W+X pages found.
[    1.608380] x86/mm: Checking user space page tables
[    1.616640] x86/mm: Checked W+X mappings: passed, no W+X pages found.
Loading, please wait...
starting version 237
[    1.705096] e1000: Intel(R) PRO/1000 Network Driver - version 7.3.21-k8-NAPI
[    1.791700] e1000: Copyright (c) 1999-2006 Intel Corporation.
[    1.801493] Fusion MPT base driver 3.04.20
[    1.808578] Copyright (c) 1999-2008 LSI Corporation
[    1.816448] AVX2 version of gcm_enc/dec engaged.
[    1.817870] AES CTR mode by8 optimization enabled
[    1.822458] Fusion MPT SPI Host driver 3.04.20
[    2.023734] input: ImExPS/2 Generic Explorer Mouse as /devices/platform/i8042/serio1/input/input4
[    2.163200] e1000 0000:00:03.0 eth0: (PCI:33MHz:32-bit) 02:dd:e5:eb:6c:77
[    2.413637] e1000 0000:00:03.0 eth0: Intel(R) PRO/1000 Network Connection
[    2.417317] mptbase: ioc0: Initiating bringup
[    2.544628] ioc0: LSI53C1030 A0: Capabilities={Initiator}
[    3.636501] scsi host2: ioc0: LSI53C1030 A0, FwRev=00000000h, Ports=1, MaxQ=256, IRQ=20
[    3.925003] scsi 2:0:0:0: Direct-Access     VBOX     HARDDISK         1.0  PQ: 0 ANSI: 5
[    4.620886] scsi target2:0:0: Beginning Domain Validation
[    4.629272] scsi target2:0:0: Domain Validation skipping write tests
[    4.631154] scsi target2:0:0: Ending Domain Validation
[    4.633302] scsi target2:0:0: asynchronous
[    4.635665] scsi 2:0:1:0: Direct-Access     VBOX     HARDDISK         1.0  PQ: 0 ANSI: 5
[    4.644092] e1000 0000:00:08.0 eth1: (PCI:33MHz:32-bit) 08:00:27:18:b4:3c
[    4.646068] e1000 0000:00:08.0 eth1: Intel(R) PRO/1000 Network Connection
[    4.650347] e1000 0000:00:03.0 enp0s3: renamed from eth0
[    4.677124] e1000 0000:00:08.0 enp0s8: renamed from eth1
[    4.696168] scsi target2:0:1: Beginning Domain Validation
[    4.699941] random: fast init done
[    4.702011] scsi target2:0:1: Domain Validation skipping write tests
[    4.704648] scsi target2:0:1: Ending Domain Validation
[    4.708621] scsi target2:0:1: asynchronous
[    4.715928] random: systemd-udevd: uninitialized urandom read (16 bytes read)
[    4.716209] sd 2:0:0:0: Attached scsi generic sg0 type 0
[    4.716315] sd 2:0:0:0: [sda] 83886080 512-byte logical blocks: (42.9 GB/40.0 GiB)
[    4.716378] sd 2:0:0:0: [sda] Write Protect is off
[    4.716491] sd 2:0:0:0: [sda] Incomplete mode parameter data
[    4.716493] sd 2:0:0:0: [sda] Assuming drive cache: write through
[    4.718124]  sda: sda1
[    4.718422] random: systemd-udevd: uninitialized urandom read (16 bytes read)
[    4.719120] sd 2:0:0:0: [sda] Attached SCSI disk
[    4.720383] sd 2:0:1:0: Attached scsi generic sg1 type 0
[    4.720822] sd 2:0:1:0: [sdb] 20480 512-byte logical blocks: (10.5 MB/10.0 MiB)
[    4.720947] sd 2:0:1:0: [sdb] Write Protect is off
[    4.721190] sd 2:0:1:0: [sdb] Incomplete mode parameter data
[    4.721192] sd 2:0:1:0: [sdb] Assuming drive cache: write through
[    4.722794] random: systemd-udevd: uninitialized urandom read (16 bytes read)
[    4.725402] sd 2:0:1:0: [sdb] Attached SCSI disk
Begin: Loading essential drivers ... [    6.336130] raid6: sse2x1   gen()  6818 MB/s
[    6.392114] raid6: sse2x1   xor()  5642 MB/s
[    6.480145] raid6: sse2x2   gen() 10169 MB/s
[    6.556114] raid6: sse2x2   xor()  6429 MB/s
[    6.640129] raid6: sse2x4   gen() 11807 MB/s
[    6.696112] raid6: sse2x4   xor()  7355 MB/s
[    6.748137] raid6: avx2x1   gen() 16150 MB/s
[    6.824107] raid6: avx2x1   xor() 11155 MB/s
[    6.876127] raid6: avx2x2   gen() 19170 MB/s
[    6.932127] raid6: avx2x2   xor() 12377 MB/s
[    7.004117] raid6: avx2x4   gen() 20583 MB/s
[    7.060115] raid6: avx2x4   xor() 13668 MB/s
[    7.064574] raid6: using algorithm avx2x4 gen() 20583 MB/s
[    7.069654] raid6: .... xor() 13668 MB/s, rmw enabled
[    7.072970] raid6: using avx2x2 recovery algorithm
[    7.084100] xor: automatically using best checksumming function   avx       
[    7.088997] async_tx: api initialized (async)
done.
Begin: Running /scripts/init-premount ... done.
Begin: Mounting root file system ... Begin: Running /scripts/local-top ... done.
Begin: Running /scripts/local-premount ... [    7.158420] Btrfs loaded, crc32c=crc32c-intel
Scanning for Btrfs filesystems
done.
Warning: fsck not present, so skipping root file system
[    7.212355] EXT4-fs (sda1): mounted filesystem with ordered data mode. Opts: (null)
done.
Begin: Running /scripts/local-bottom ... done.
Begin: Running /scripts/init-bottom ... done.
[    7.524519] ip_tables: (C) 2000-2006 Netfilter Core Team
[    7.547242] systemd[1]: systemd 237 running in system mode. (+PAM +AUDIT +SELINUX +IMA +APPARMOR +SMACK +SYSVINIT +UTMP +LIBCRYPTSETUP +GCRYPT +GNUTLS +ACL +XZ +LZ4 +SECCOMP +BLKID +ELFUTILS +KMOD -IDN2 +IDN -PCRE2 default-hierarchy=hybrid)
[    7.686002] systemd[1]: Detected virtualization oracle.
[    7.687282] systemd[1]: Detected architecture x86-64.

Welcome to [1mUbuntu 18.04.5 LTS[0m!

[    7.764881] systemd[1]: Set hostname to <ubuntu>.
[    8.213954] systemd[1]: Initializing machine ID from random generator.
[    8.215596] systemd[1]: Installed transient /etc/machine-id file.
[    8.648526] systemd[1]: Reached target System Time Synchronized.
[[0;32m  OK  [0m] Reached target System Time Synchronized.
[    8.767433] systemd[1]: Set up automount Arbitrary Executable File Formats File System Automount Point.
[[0;32m  OK  [0m] Set up automount Arbitrary Executabâ€¦rmats File System Automount Point.
[    8.787275] systemd[1]: Reached target Swap.
[[0;32m  OK  [0m] Reached target Swap.
[    8.794085] systemd[1]: Created slice System Slice.
[[0;32m  OK  [0m] Created slice System Slice.
[[0;32m  OK  [0m] Listening on Journal Socket (/dev/log).
[[0;32m  OK  [0m] Listening on Syslog Socket.
[[0;32m  OK  [0m] Listening on /dev/initctl Compatibility Named Pipe.
[[0;32m  OK  [0m] Created slice system-serial\x2dgetty.slice.
[[0;32m  OK  [0m] Listening on udev Control Socket.
[[0;32m  OK  [0m] Listening on LVM2 metadata daemon socket.
[[0;32m  OK  [0m] Listening on fsck to fsckd communication Socket.
[[0;32m  OK  [0m] Started Forward Password Requests to Wall Directory Watch.
[[0;32m  OK  [0m] Listening on Journal Audit Socket.
[[0;32m  OK  [0m] Listening on udev Kernel Socket.
[[0;32m  OK  [0m] Listening on Journal Socket.
         Starting Create list of required stâ€¦ce nodes for the current kernel...
         Mounting POSIX Message Queue File System...
         Starting Journal Service...
         Mounting Kernel Debug File System...
         Starting Uncomplicated firewall...
         Starting udev Coldplug all Devices...
         Mounting Huge Pages File System...
         Starting Load Kernel Modules...
[[0;32m  OK  [0m] Reached target User and Group Name Lookups.
[[0;32m  OK  [0m] Listening on LVM2 poll daemon socket.
         Starting Set the console keyboard layout...
[[0;32m  OK  [0m] Created slice User and Session Slice.
[[0;32m  OK  [0m] Reached target Slices.
[[0;32m  OK  [0m] Listening on Network Service Netlink Socket.
[[0;32m  OK  [0m] Listening on Device-mapper event daemon FIFOs.
         Starting Monitoring of LVM2 mirrorsâ€¦ng dmeventd or progress polling...
         Starting File System Check on Root Device...
[[0;32m  OK  [0m] Started Journal Service.
[[0;32m  OK  [0m] Started Create list of required staâ€¦vice nodes for the current kernel.
[[0;32m  OK  [0m] Mounted POSIX Message Queue File System.
[[0;32m  OK  [0m] Mounted Kernel Debug File System.
[[0;32m  OK  [0m] Started Uncomplicated firewall.
[[0;32m  OK  [0m] Mounted Huge Pages File System.
         Starting Create Static Device Nodes in /dev...
[    8.920971] Loading iSCSI transport class v2.0-870.
[    8.930704] iscsi: registered transport (tcp)
[[0;32m  OK  [0m] Started udev Coldplug all Devices.
[[0;32m  OK  [0m] Started LVM2 metadata daemon.
[[0;32m  OK  [0m] Started File System Check Daemon to report status.
[[0;32m  OK  [0m] Started File System Check on Root Device.
         Starting Remount Root and Kernel File Systems...
[[0;32m  OK  [0m] Started Create Static Device Nodes in /dev.
[    9.156942] iscsi: registered transport (iser)
[[0;32m  OK  [0m] Started Load Kernel Modules.
         Mounting FUSE Control File System...
         Starting Apply Kernel Variables...
         Mounting Kernel Configuration File System...
[[0;32m  OK  [0m] Mounted FUSE Control File System.
[[0;32m  OK  [0m] Mounted Kernel Configuration File System.
[[0;32m  OK  [0m] Started Remount Root and Kernel File Systems.
         Starting Load/Save Random Seed...
         Starting udev Kernel Device Manager...
         Starting Flush Journal to Persistent Storage...
[[0;32m  OK  [0m] Started Monitoring of LVM2 mirrors,â€¦sing dmeventd or progress polling.
[[0;32m  OK  [0m] Started Apply Kernel Variables.
[[0;32m  OK  [0m] Started Load/Save Random Seed.
[[0;32m  OK  [0m] Started Set the console keyboard layout.
[[0;32m  OK  [0m] Reached target Local File Systems (Pre).
[[0;32m  OK  [0m] Reached target Local File Systems.
         Starting AppArmor initialization...
         Starting ebtables ruleset management...
         Starting Commit a transient machine-id on disk...
         Starting Tell Plymouth To Write Out Runtime Data...
         Starting Set console font and keymap...
[[0;32m  OK  [0m] Started udev Kernel Device Manager.
[[0;32m  OK  [0m] Started Dispatch Password Requests to Console Directory Watch.
[[0;32m  OK  [0m] Reached target Local Encrypted Volumes.
[[0;32m  OK  [0m] Started Tell Plymouth To Write Out Runtime Data.
[[0;32m  OK  [0m] Started Set console font and keymap.
[[0;32m  OK  [0m] Started Flush Journal to Persistent Storage.
         Starting Create Volatile Files and Directories...
[[0;32m  OK  [0m] Started Commit a transient machine-id on disk.
[[0;32m  OK  [0m] Started Create Volatile Files and Directories.
[[0;32m  OK  [0m] Found device /dev/ttyS0.
         Starting Update UTMP about System Boot/Shutdown...
[[0;32m  OK  [0m] Started ebtables ruleset management.
[[0;32m  OK  [0m] Started Update UTMP about System Boot/Shutdown.
[[0;32m  OK  [0m] Listening on Load/Save RF Kill Switch Status /dev/rfkill Watch.
[[0;32m  OK  [0m] Started AppArmor initialization.
         Starting Initial cloud-init job (pre-networking)...
         Starting Load AppArmor profiles managed internally by snapd...
[[0;32m  OK  [0m] Started Load AppArmor profiles managed internally by snapd.
[   12.189344] cloud-init[603]: Cloud-init v. 20.4.1-0ubuntu1~18.04.1 running 'init-local' at Thu, 11 Mar 2021 01:23:13 +0000. Up 11.54 seconds.
[[0;32m  OK  [0m] Started Initial cloud-init job (pre-networking).
[[0;32m  OK  [0m] Reached target Network (Pre).
         Starting Network Service...
[[0;32m  OK  [0m] Started Network Service.
         Starting Wait for Network to be Configured...
         Starting Network Name Resolution...
[[0;32m  OK  [0m] Started Network Name Resolution.
[[0;32m  OK  [0m] Reached target Network.
[[0;32m  OK  [0m] Reached target Host and Network Name Lookups.
[[0;32m  OK  [0m] Started Wait for Network to be Configured.
         Starting Initial cloud-init job (metadata service crawler)...
[   14.920513] cloud-init[728]: Cloud-init v. 20.4.1-0ubuntu1~18.04.1 running 'init' at Thu, 11 Mar 2021 01:23:17 +0000. Up 14.74 seconds.
[   14.925929] cloud-init[728]: ci-info: ++++++++++++++++++++++++++++++++++++++Net device info+++++++++++++++++++++++++++++++++++++++
[   14.929374] cloud-init[728]: ci-info: +--------+-------+----------------------------+---------------+--------+-------------------+
[   14.932665] cloud-init[728]: ci-info: | Device |   Up  |          Address           |      Mask     | Scope  |     Hw-Address    |
[   14.936354] cloud-init[728]: ci-info: +--------+-------+----------------------------+---------------+--------+-------------------+
[   14.938138] cloud-init[728]: ci-info: | enp0s3 |  True |         10.0.2.15          | 255.255.255.0 | global | 02:dd:e5:eb:6c:77 |
[   14.939945] cloud-init[728]: ci-info: | enp0s3 |  True | fe80::dd:e5ff:feeb:6c77/64 |       .       |  link  | 02:dd:e5:eb:6c:77 |
[   14.941790] cloud-init[728]: ci-info: | enp0s8 | False |             .              |       .       |   .    | 08:00:27:18:b4:3c |
[   14.943571] cloud-init[728]: ci-info: |   lo   |  True |         127.0.0.1          |   255.0.0.0   |  host  |         .         |
[   14.945441] cloud-init[728]: ci-info: |   lo   |  True |          ::1/128           |       .       |  host  |         .         |
[   14.947221] cloud-init[728]: ci-info: +--------+-------+----------------------------+---------------+--------+-------------------+
[   14.949028] cloud-init[728]: ci-info: ++++++++++++++++++++++++++++Route IPv4 info+++++++++++++++++++++++++++++
[   14.950592] cloud-init[728]: ci-info: +-------+-------------+----------+-----------------+-----------+-------+
[   14.952267] cloud-init[728]: ci-info: | Route | Destination | Gateway  |     Genmask     | Interface | Flags |
[   14.953949] cloud-init[728]: ci-info: +-------+-------------+----------+-----------------+-----------+-------+
[   14.955554] cloud-init[728]: ci-info: |   0   |   0.0.0.0   | 10.0.2.2 |     0.0.0.0     |   enp0s3  |   UG  |
[   14.957173] cloud-init[728]: ci-info: |   1   |   10.0.2.0  | 0.0.0.0  |  255.255.255.0  |   enp0s3  |   U   |
[   14.958725] cloud-init[728]: ci-info: |   2   |   10.0.2.2  | 0.0.0.0  | 255.255.255.255 |   enp0s3  |   UH  |
[   14.960399] cloud-init[728]: ci-info: +-------+-------------+----------+-----------------+-----------+-------+
[   14.961951] cloud-init[728]: ci-info: +++++++++++++++++++Route IPv6 info+++++++++++++++++++
[   14.963310] cloud-init[728]: ci-info: +-------+-------------+---------+-----------+-------+
[   14.964791] cloud-init[728]: ci-info: | Route | Destination | Gateway | Interface | Flags |
[   14.973224] cloud-init[728]: ci-info: +-------+-------------+---------+-----------+-------+
[   14.975503] cloud-init[728]: ci-info: |   1   |  fe80::/64  |    ::   |   enp0s3  |   U   |
[   14.977845] cloud-init[728]: ci-info: |   3   |    local    |    ::   |   enp0s3  |   U   |
[   14.980095] cloud-init[728]: ci-info: |   4   |   ff00::/8  |    ::   |   enp0s3  |   U   |
[   14.982438] cloud-init[728]: ci-info: +-------+-------------+---------+-----------+-------+
[   16.602378] cloud-init[728]: Generating public/private rsa key pair.
[   16.610026] cloud-init[728]: Your identification has been saved in /etc/ssh/ssh_host_rsa_key.
[   16.612696] cloud-init[728]: Your public key has been saved in /etc/ssh/ssh_host_rsa_key.pub.
[   16.615583] cloud-init[728]: The key fingerprint is:
[   16.617598] cloud-init[728]: SHA256:9Xw7dhYghi0T6dcUBjrNH6jz3JU8b6EwmEbjs8t5vTA root@ubuntu-bionic
[   16.621501] cloud-init[728]: The key's randomart image is:
[   16.623802] cloud-init[728]: +---[RSA 2048]----+
[   16.625119] cloud-init[728]: |         ....o.  |
[   16.626393] cloud-init[728]: |         .B o.   |
[   16.627606] cloud-init[728]: |        .O.Boo   |
[   16.628902] cloud-init[728]: |        ooX+o.+ .|
[   16.630110] cloud-init[728]: |        SO.oo..B |
[   16.631313] cloud-init[728]: |        . * +.o.=|
[   16.632616] cloud-init[728]: |         . E.o+ =|
[   16.634829] cloud-init[728]: |        . o.oo = |
[   16.636303] cloud-init[728]: |         +.  ..  |
[   16.637635] cloud-init[728]: +----[SHA256]-----+
[   16.638996] cloud-init[728]: Generating public/private dsa key pair.
[   16.640719] cloud-init[728]: Your identification has been saved in /etc/ssh/ssh_host_dsa_key.
[   16.642767] cloud-init[728]: Your public key has been saved in /etc/ssh/ssh_host_dsa_key.pub.
[   16.644894] cloud-init[728]: The key fingerprint is:
[   16.650451] cloud-init[728]: SHA256:O9rgBWyqbDj415KsQivYXlNTOHIuQaMPfIqSA6NDyaw root@ubuntu-bionic
[   16.652486] cloud-init[728]: The key's randomart image is:
[   16.653934] cloud-init[728]: +---[DSA 1024]----+
[   16.655237] cloud-init[728]: |    o            |
[   16.656544] cloud-init[728]: |o..o . .         |
[   16.657775] cloud-init[728]: |o=+ + + .        |
[   16.659115] cloud-init[728]: |=+ = * o         |
[   16.660685] cloud-init[728]: |E . o B S        |
[   16.662191] cloud-init[728]: |.+   = o .       |
[   16.663709] cloud-init[728]: |+o..+o. +        |
[   16.665276] cloud-init[728]: |Booo=o.= .       |
[   16.666765] cloud-init[728]: |.**o .o .        |[[0;32m  OK  [0m] Started Initial cloud-init job (metadata service crawler).

[   16.670674] [[0;32m  OK  [0m] Reached target Network is Online.
cloud-init[728]: +----[SHA256]-----+
[   16.673348] cloud-init[728]: Generating public/private ecdsa key pair.
[   16.674716] cloud-init[728]: Your identification has been saved in /etc/ssh/ssh_host_ecdsa_key.
[   16.676398] cloud-init[728]: Your public key has been saved in /etc/ssh/ssh_host_ecdsa_key.pub.
[   16.678182] cloud-init[728]: The key fingerprint is:
[   16.680585] cloud-init[728]: SHA256:U78lNXz9sLWaWPlFePFcgVWxNhP53DxuQ5Y0ByvkRqA root@ubuntu-bionic
[   16.682235] cloud-init[728]: The key's randomart image is:
[   16.683452] cloud-init[[728]: [0;32m  OK  [0m+---[ECDSA 256]---+] 
Reached target Remote File Systems (Pre).
[[0;32m  OK  [0m] Reached target Remote File Systems.
[   16.686425] cloud-init[728]: |          ..o +BB|
         Starting Availability of block devices...
[[0;32m  OK  [0m] Reached target System Initialization.[   16.689730] 
cloud-init[728]: |         . + o BO|
[[0;32m  OK  [0m] Listening on D-Bus System Message Bus Socket.
[   16.695040] cloud-init[728]: |        E . + OB#|
[[0;32m  OK  [0m] Listening on UUID daemon activation socket.
[   16.696860] cloud-init[728]: |         . o oo&X|
         Starting LXD - unix socket.
[   16.708912] cloud-init[728]: |        S   oo*.+|
[[0;32m  OK  [0m] Started Daily apt download activities.
[   16.716738] cloud-init[728]: |         .  o+++.|
[[0;32m  OK  [0m] Started Daily apt upgrade and clean activities.
[   16.719145] cloud-init[728]: |           ..o...|
[[0;32m  OK  [0m] Listening on Open-iSCSI iscsid Socket.
[   16.722579] cloud-init[728]: |                 |
         [   16.728173] Starting Socket activation for snappy daemon.cloud-init
[728]: |                 |
[   16.731517] [cloud-init[0;32m  OK  [0m[728]: ] +----[SHA256]-----+Listening on ACPID Listen Socket.

[   16.731711] cloud-init[728]: Generating public/private ed25519 key pair.
[   16.744414] cloud-init[728]: Your identification has been saved in /etc/ssh/ssh_host_ed25519_key.
[   16.747366] cloud-init[728]: Your public key has been saved in /etc/ssh/ssh_host_ed25519_key.pub.
[[0;32m  OK  [0m] Started ACPI Events Check.
[   16.749220] cloud-init[728]: The key fingerprint is:
[[0;32m  OK  [0m] Reached target Paths.
[   16.749745] cloud-init[728]: SHA256:ccZAdkWm7jHAJc8MxpQJZKa3vDCMyaqa2dM3ULs7u/U root@ubuntu-bionic
[[0;32m  OK  [0m] Started Discard unused blocks once a week.
[   16.752971] cloud-init[728]: The key's randomart image is:
[[0;32m  OK  [0m] Started Daily Cleanup of Temporary Directories.
[   16.753362] cloud-init[728]: +--[ED25519 256]--+
[[0;32m  OK  [0m] Started Message of the Day.
[   16.754056] cloud-init[728]: |     .==Oooo+    |
[[0;32m  OK  [0m] Reached target Timers.
[   16.754735] cloud-init[728]: |     + ++@ o     |
[[0;32m  OK  [0m] Reached target Cloud-config availability.
[   16.755408] cloud-init[728]: |    . . + O      |
[[0;32m  OK  [0m] Started Availability of block devices.
[   16.766525] cloud-init[728]: | . + o.. *       |
[[0;32m  OK  [0m] Listening on LXD - unix socket.
[   16.769865] cloud-init[728]: |  + +.o.S +      |
[[0;32m  OK  [0m] Listening on Socket activation for snappy daemon.[   16.770914] 
cloud-init[728]: | .  .o.. . o     |[
[0;32m  OK  [0m] Reached target Sockets.
[[   16.771939] [0;32m  OK  [0mcloud-init] [728]: Reached target Basic System.|.  . .... .      |

[[0;32m  OK  [0m] Started D-Bus System Message Bus.
[   16.780803] cloud-init[728]: |.+. . =. .       |
[   16.785514] cloud-init[728]: |* .. .+*  E      |
[   16.788154] cloud-init[728]: +----[SHA256]-----+
         Starting System Logging Service...
[[0;32m  OK  [0m] Started Deferred execution scheduler.
         Starting Accounts Service...
         Starting LSB: Record successful boot for GRUB...
         Starting Pollinate to seed the pseudo random number generator...
[[0;32m  OK  [0m] Started Regular background program processing daemon.
[[0;32m  OK  [0m] Started FUSE filesystem for LXC.
         Starting LSB: automatic crash report generation...
         Starting Permit User Sessions...
         Starting Login Service...
[[0;32m  OK  [0m] Started irqbalance daemon.
         Starting Virtualbox guest utils...
         Starting Snap Daemon...
         Starting Dispatcher daemon for systemd-networkd...
         Starting LXD - container startup/shutdown...
[[0;32m  OK  [0m] Started System Logging Service.
[[0;32m  OK  [0m] Started Permit User Sessions.
[[0;32m  OK  [0m] Started Login Service.
[[0;32m  OK  [0m] Started Unattended Upgrades Shutdown.
         Starting Authorization Manager...
         Starting Terminate Plymouth Boot Screen...
         Starting Hold until boot process finishes up...
[[0;32m  OK  [0m] Started Hold until boot process finishes up.
[[0;32m  OK  [0m] Started Serial Getty on ttyS0.
         Starting Set console scheme...
[[0;32m  OK  [0m] Started Terminate Plymouth Boot Screen.
[[0;32m  OK  [0m] Started Set console scheme.
[[0;32m  OK  [0m] Started LSB: automatic crash report generation.
[[0;32m  OK  [0m] Created slice system-getty.slice.
[[0;32m  OK  [0m] Started Getty on tty1.
[[0;32m  OK  [0m] Reached target Login Prompts.
[[0;32m  OK  [0m] Started LSB: Record successful boot for GRUB.
[[0;32m  OK  [0m] Started Authorization Manager.
[[0;32m  OK  [0m] Started Accounts Service.
[[0;32m  OK  [0m] Started Virtualbox guest utils.
[[0;32m  OK  [0m] Started LXD - container startup/shutdown.
[[0;32m  OK  [0m] Started Dispatcher daemon for systemd-networkd.
[[0;32m  OK  [0m] Started Snap Daemon.
         Starting Wait until snapd is fully seeded...
[[0;32m  OK  [0m] Started Pollinate to seed the pseudo random number generator.
         Starting OpenBSD Secure Shell server...
[[0;32m  OK  [0m] Started OpenBSD Secure Shell server.
[[0;32m  OK  [0m] Created slice User Slice of vagrant.
         Starting User Manager for UID 1000...
[[0;32m  OK  [0m] Started Session 1 of user vagrant.
[[0;32m  OK  [0m] Started User Manager for UID 1000.

Ubuntu 18.04.5 LTS ubuntu-bionic ttyS0

ubuntu-bionic login: [   25.001528] cloud-init[1456]: Cloud-init v. 20.4.1-0ubuntu1~18.04.1 running 'modules:config' at Thu, 11 Mar 2021 01:23:26 +0000. Up 24.32 seconds.
ci-info: no authorized SSH keys fingerprints found for user ubuntu.
<14>Mar 11 01:23:28 ec2: 
<14>Mar 11 01:23:28 ec2: #############################################################
<14>Mar 11 01:23:28 ec2: -----BEGIN SSH HOST KEY FINGERPRINTS-----
<14>Mar 11 01:23:28 ec2: 1024 SHA256:O9rgBWyqbDj415KsQivYXlNTOHIuQaMPfIqSA6NDyaw root@ubuntu-bionic (DSA)
<14>Mar 11 01:23:28 ec2: 256 SHA256:U78lNXz9sLWaWPlFePFcgVWxNhP53DxuQ5Y0ByvkRqA root@ubuntu-bionic (ECDSA)
<14>Mar 11 01:23:28 ec2: 256 SHA256:ccZAdkWm7jHAJc8MxpQJZKa3vDCMyaqa2dM3ULs7u/U root@ubuntu-bionic (ED25519)
<14>Mar 11 01:23:28 ec2: 2048 SHA256:9Xw7dhYghi0T6dcUBjrNH6jz3JU8b6EwmEbjs8t5vTA root@ubuntu-bionic (RSA)
<14>Mar 11 01:23:28 ec2: -----END SSH HOST KEY FINGERPRINTS-----
<14>Mar 11 01:23:28 ec2: #############################################################
-----BEGIN SSH HOST KEY KEYS-----
ecdsa-sha2-nistp256 AAAAE2VjZHNhLXNoYTItbmlzdHAyNTYAAAAIbmlzdHAyNTYAAABBBEXNRbIKag8tW7OAb52Z0oIGYMLs4r7nYv3c8eADClf7ZYfDeb4G4sGGIcHZEDZr+FRVseJXdI8hjD8ijBqHevg= root@ubuntu-bionic
ssh-ed25519 AAAAC3NzaC1lZDI1NTE5AAAAIPZUDAIgeXwJbWsY7LgOLSGDAd/RBGRUBs/M41jxyTfx root@ubuntu-bionic
ssh-rsa AAAAB3NzaC1yc2EAAAADAQABAAABAQC+xpKdZQSvK1RSVJqHwULl+TTFMHhI46cD9RMpvtjoYpPJFanlI0Eu0qnqkiikjahcLgKp5cjTAs/jesw3OIJRZ19QK6VatR1Eja0A8zdbizpDYmsX3hcdrXhwio0p4Uo/qdAlFW4VT+25pUdfczLkupJY7jq3ChnJDCoQ00e3pNKv1+M6y88ZpO0Iw1Yyl5piCdhf5Yeq/EST5l8eZAZO45qGvVvFnj39WtQPKKyAKWrvWhuakHANGpIWerSsH9yUwcBpkU2XNeeOR//rGbr5l3vt82NQZhUm+ioWwkGgmS4EfaHo3ibGRyPAZHwgnfz+qWCo+7Lv+Qrvze+aeim3 root@ubuntu-bionic
-----END SSH HOST KEY KEYS-----
[   25.814111] cloud-init[1571]: Cloud-init v. 20.4.1-0ubuntu1~18.04.1 running 'modules:final' at Thu, 11 Mar 2021 01:23:27 +0000. Up 25.60 seconds.
[   25.814288] cloud-init[1571]: ci-info: no authorized SSH keys fingerprints found for user ubuntu.
[   25.814392] cloud-init[1571]: Cloud-init v. 20.4.1-0ubuntu1~18.04.1 finished at Thu, 11 Mar 2021 01:23:28 +0000. Datasource DataSourceNoCloud [seed=/dev/sdb][dsmode=net].  Up 25.78 seconds
